[36m[NR LOG:INFO][0m D:/file/prog/Newbie-Renderer/src/rhi/nrDevice.cpp:388
[93mvk::raii::Instance nr::rhi::Device::makeInstance(std::uint32_t) const[0m
Debug Vulkan validation layer settings enabled programmatically: Core, Sync Validation, GPU-AV=on, DebugPrintf=on, report_flags=verbose/error/perf/info/warn, debug_action=none (routed through nrVulkan callback), duplicate message limit disabled. GPU-assisted validation and debug printf are enabled by default.
[33m[NR VULKAN:WARNING][0m severity=Warning types={ Validation } messageIDName=<VALIDATION-SETTINGS> messageIdNumber=2132353751 message=<vkCreateInstance(): Both GPU Assisted Validation and Normal Core Check Validation are enabled, this is not recommend as it  will be very slow. Once all errors in Core Check are solved, please disable, then only use GPU-AV for best performance.>
[36m[NR VULKAN:INFO][0m severity=Info types={ Validation } messageIDName=<WARNING-CreateInstance-status-message> messageIdNumber=601872502 message=<vkCreateInstance(): Khronos Validation Layer Active:
    Current Enables: VK_VALIDATION_FEATURE_ENABLE_GPU_ASSISTED_EXT, VK_VALIDATION_FEATURE_ENABLE_DEBUG_PRINTF_EXT, VK_VALIDATION_FEATURE_ENABLE_SYNCHRONIZATION_VALIDATION_EXT.
    Current Disables: None.
>
object[0]: type=Instance handle=2321932890128
[36m[NR LOG:INFO][0m D:/file/prog/Newbie-Renderer/src/rhi/nrDevice.cpp:112
[93mvoid nr::rhi::Device::initialize(const std::string &, const std::string &, PipelineCacheConfig)[0m
Selected GPU: NVIDIA GeForce RTX 5070 Ti Laptop GPU
[36m[NR LOG:INFO][0m D:/file/prog/Newbie-Renderer/src/rhi/nrDevice.cpp:428
[93mvk::raii::Device nr::rhi::Device::makeDevice()[0m
Vulkan queue family selection: graphics{index=0 flags={ Graphics | Compute | Transfer | SparseBinding } queueCount=16} compute{index=2 flags={ Compute | Transfer | SparseBinding } queueCount=8} transfer{index=1 flags={ Transfer | SparseBinding } queueCount=2}
[33m[NR VULKAN:WARNING][0m severity=Warning types={ Validation } messageIDName=<WARNING-Setting-Limit-Adjusted> messageIdNumber=-2030147807 message=<vkCreateDevice(): Warning that validation is adjusting settings:
	Adding a VkPhysicalDeviceRobustness2FeaturesKHR to pNext with robustBufferAccess2 set to VK_TRUE
	Adding a VkPhysicalDeviceRobustness2FeaturesKHR to pNext with robustImageAccess2 set to VK_TRUE
>
[36m[NR LOG:INFO][0m D:/file/prog/Newbie-Renderer/src/rhi/nrSwapchain.cpp:325
[93mstatic SwapChain nr::rhi::SwapChain::createImpl(const vk::raii::PhysicalDevice &, const vk::raii::Device &, const vk::raii::SurfaceKHR &, vk::Extent2D, const SwapChainConfig &, vk::SwapchainKHR)[0m
Swapchain created: requestedPresentMode=Immediate, selectedPresentMode=Immediate, format=R16G16B16A16Sfloat, colorSpace=ExtendedSrgbLinearEXT, hdrOutput=true, fullScreenExclusivePolicy=Default, imageCount=3.
[36m[NR SCENE:INFO][0m D:/file/prog/Newbie-Renderer/src/scene/nrScene.ixx:628
[93mvoid nr::scene::Scene::reportImport(ImportStage, std::string, std::string, std::uint32_t) [Level = nr::LogLevel::info][0m
[camera] stableKey='D:/file/prog/Newbie-Renderer/assets/glTF-Sample-Assets/Models/ToyCar/glTF/ToyCar.gltf::camera[0]' sourceIndex=0 Camera 'Camera001' does not contain an authored aspect; using viewport aspect.
[36m[NR SCENE:INFO][0m D:/file/prog/Newbie-Renderer/src/scene/nrScene.ixx:628
[93mvoid nr::scene::Scene::reportImport(ImportStage, std::string, std::string, std::uint32_t) [Level = nr::LogLevel::info][0m
[camera] stableKey='D:/file/prog/Newbie-Renderer/assets/glTF-Sample-Assets/Models/ToyCar/glTF/ToyCar.gltf::camera[1]' sourceIndex=1 Camera 'Camera002' does not contain an authored aspect; using viewport aspect.
[36m[NR SCENE:INFO][0m D:/file/prog/Newbie-Renderer/src/scene/nrScene.ixx:628
[93mvoid nr::scene::Scene::reportImport(ImportStage, std::string, std::string, std::uint32_t) [Level = nr::LogLevel::info][0m
[camera] stableKey='D:/file/prog/Newbie-Renderer/assets/glTF-Sample-Assets/Models/ToyCar/glTF/ToyCar.gltf::camera[2]' sourceIndex=2 Camera 'Camera003' does not contain an authored aspect; using viewport aspect.
[36m[NR SCENE:INFO][0m D:/file/prog/Newbie-Renderer/src/scene/nrScene.ixx:628
[93mvoid nr::scene::Scene::reportImport(ImportStage, std::string, std::string, std::uint32_t) [Level = nr::LogLevel::info][0m
[camera] stableKey='D:/file/prog/Newbie-Renderer/assets/glTF-Sample-Assets/Models/ToyCar/glTF/ToyCar.gltf::camera[3]' sourceIndex=3 Camera 'Camera004' does not contain an authored aspect; using viewport aspect.
[36m[NR SCENE:INFO][0m D:/file/prog/Newbie-Renderer/src/scene/nrScene.ixx:628
[93mvoid nr::scene::Scene::reportImport(ImportStage, std::string, std::string, std::uint32_t) [Level = nr::LogLevel::info][0m
[camera] stableKey='D:/file/prog/Newbie-Renderer/assets/glTF-Sample-Assets/Models/ToyCar/glTF/ToyCar.gltf::camera[4]' sourceIndex=4 Camera 'Camera005' does not contain an authored aspect; using viewport aspect.
[36m[NR SCENE:INFO][0m D:/file/prog/Newbie-Renderer/src/scene/nrScene.ixx:628
[93mvoid nr::scene::Scene::reportImport(ImportStage, std::string, std::string, std::uint32_t) [Level = nr::LogLevel::info][0m
[camera] stableKey='D:/file/prog/Newbie-Renderer/assets/glTF-Sample-Assets/Models/ToyCar/glTF/ToyCar.gltf::camera[5]' sourceIndex=5 Camera 'Camera006' does not contain an authored aspect; using viewport aspect.
[36m[NR SCENE:INFO][0m D:/file/prog/Newbie-Renderer/src/scene/nrScene.ixx:628
[93mvoid nr::scene::Scene::reportImport(ImportStage, std::string, std::string, std::uint32_t) [Level = nr::LogLevel::info][0m
[camera] stableKey='D:/file/prog/Newbie-Renderer/assets/glTF-Sample-Assets/Models/ToyCar/glTF/ToyCar.gltf::camera[6]' sourceIndex=6 Camera 'Camera007' does not contain an authored aspect; using viewport aspect.
[36m[NR SCENE:INFO][0m D:/file/prog/Newbie-Renderer/src/scene/nrScene.ixx:628
[93mvoid nr::scene::Scene::reportImport(ImportStage, std::string, std::string, std::uint32_t) [Level = nr::LogLevel::info][0m
[camera] stableKey='D:/file/prog/Newbie-Renderer/assets/glTF-Sample-Assets/Models/ToyCar/glTF/ToyCar.gltf::camera[7]' sourceIndex=7 Camera 'Camera008' does not contain an authored aspect; using viewport aspect.
[36m[NR SCENE:INFO][0m D:/file/prog/Newbie-Renderer/src/scene/nrScene.ixx:628
[93mvoid nr::scene::Scene::reportImport(ImportStage, std::string, std::string, std::uint32_t) [Level = nr::LogLevel::info][0m
[templateRegistration] stableKey='D:/file/prog/Newbie-Renderer/assets/glTF-Sample-Assets/Models/ToyCar/glTF/ToyCar.gltf' Template 'D:/file/prog/Newbie-Renderer/assets/glTF-Sample-Assets/Models/ToyCar/glTF/ToyCar.gltf' auto-selected ChildOf hierarchy storage.
[36m[NR SCENE:INFO][0m D:/file/prog/Newbie-Renderer/src/scene/nrScene.ixx:628
[93mvoid nr::scene::Scene::reportImport(ImportStage, std::string, std::string, std::uint32_t) [Level = nr::LogLevel::info][0m
[templateRegistration] stableKey='D:/file/prog/Newbie-Renderer/assets/glTF-Sample-Assets/Models/ToyCar/glTF/ToyCar.gltf' Registered template 'D:/file/prog/Newbie-Renderer/assets/glTF-Sample-Assets/Models/ToyCar/glTF/ToyCar.gltf' with 12 node(s), 3 mesh-binding entity(ies), 8 camera-binding entity(ies) and 0 light-binding entity(ies).
[36m[NR LOG:INFO][0m D:/file/prog/Newbie-Renderer/src/rhi/nrSlang.cpp:1293
[93mSlangProgram nr::rhi::ShaderService::compileProgramByFile(const SlangProgramCompileFileRequest &)[0m
[ShaderService::compileProgramByFile] finished: module='renderer.dlssRayReconstructionDebug', variant='default/e15493dd404e4fb7'
[36m[NR LOG:INFO][0m D:/file/prog/Newbie-Renderer/src/rhi/nrSlang.cpp:1293
[93mSlangProgram nr::rhi::ShaderService::compileProgramByFile(const SlangProgramCompileFileRequest &)[0m
[ShaderService::compileProgramByFile] finished: module='renderer.presentConvert', variant='default/e15493dd404e4fb7'
[36m[NR LOG:INFO][0m D:/file/prog/Newbie-Renderer/src/rhi/nrSlang.cpp:1293
[93mSlangProgram nr::rhi::ShaderService::compileProgramByFile(const SlangProgramCompileFileRequest &)[0m
[ShaderService::compileProgramByFile] finished: module='renderer.pathTracing', variant='RussianRoulettePolicy=RussianRouletteEnabledPolicy,kMaxSurfaceBounces=16u/729fa9187d81eede'
[36m[NR LOG:INFO][0m D:/file/prog/Newbie-Renderer/src/rhi/nrSlang.cpp:1293
[93mSlangProgram nr::rhi::ShaderService::compileProgramByFile(const SlangProgramCompileFileRequest &)[0m
[ShaderService::compileProgramByFile] finished: module='renderer.pathTracing', variant='RussianRoulettePolicy=RussianRouletteEnabledPolicy,kMaxSurfaceBounces=16u/729fa9187d81eede'
[36m[NR LOG:INFO][0m D:/file/prog/Newbie-Renderer/src/rhi/nrSlang.cpp:1293
[93mSlangProgram nr::rhi::ShaderService::compileProgramByFile(const SlangProgramCompileFileRequest &)[0m
[ShaderService::compileProgramByFile] finished: module='renderer.pathTracing', variant='RussianRoulettePolicy=RussianRouletteEnabledPolicy,kMaxSurfaceBounces=16u/729fa9187d81eede'
[36m[NR LOG:INFO][0m D:/file/prog/Newbie-Renderer/src/renderer/nrRenderGraphExecutor.cpp:505
[93mauto nr::renderer::RenderGraphExecutor::executePrepared(const PreparedGraphFrame &, const ExecuteContext &)::(lambda)::operator()(std::size_t) const[0m
RenderGraphExecutor batch=0 queue=Graphics cmd=0x21ca71c48d0 passes=[ASBuild.BuildBLAS,ASBuild.BuildTLAS,LightPrepare.Upload,PathTracing.Trace]
[36m[NR LOG:INFO][0m D:/file/prog/Newbie-Renderer/src/renderer/nrRenderGraphExecutor.cpp:505
[93mauto nr::renderer::RenderGraphExecutor::executePrepared(const PreparedGraphFrame &, const ExecuteContext &)::(lambda)::operator()(std::size_t) const[0m
RenderGraphExecutor batch=1 queue=Compute cmd=0x21ca71d60d0 passes=[DLSS.RayReconstruction,DLSS.RayReconstruction.VisualizeMotionVectors,Present.ClearTransparentUiFallback,Present.Convert]
[36m[NR LOG:INFO][0m D:/file/prog/Newbie-Renderer/src/renderer/nrRenderGraphExecutor.cpp:505
[93mauto nr::renderer::RenderGraphExecutor::executePrepared(const PreparedGraphFrame &, const ExecuteContext &)::(lambda)::operator()(std::size_t) const[0m
RenderGraphExecutor batch=2 queue=Compute cmd=0x21ca71dd0d0 passes=[Present.CopyToSwapchain]
